// Vitest Snapshot v1, https://vitest.dev/guide/snapshot.html

exports[`fetchGovernanceProposals > fetched queued and dequeued proposals 1`] = `
[
  {
    "deposit": 10000000000000000000000n,
    "expiryTimestamp": 1735143660000,
    "id": 196,
    "isApproved": false,
    "networkWeight": 0n,
    "numTransactions": 50n,
    "proposer": "0x56fD3F2bEE130e9867942D0F463a16fBE49B8d81",
    "stage": 1,
    "timestamp": 1732724460000,
    "upvotes": 0n,
    "url": "https://github.com/celo-org/governance/blob/main/CGPs/cgp-0156.md",
    "votes": {
      "abstain": 0n,
      "no": 0n,
      "yes": 0n,
    },
  },
  {
    "deposit": 100000000000000000000n,
    "expiryTimestamp": undefined,
    "id": 36,
    "isApproved": false,
    "networkWeight": 0n,
    "numTransactions": 5n,
    "proposer": "0xF3EB910DA09B8AF348E0E5B6636da442cFa79239",
    "stage": 5,
    "timestamp": 1631698497000,
    "upvotes": 0n,
    "url": "https://github.com/celo-org/celo-monorepo/releases/tag/core-contracts.v5",
    "votes": {
      "abstain": 0n,
      "no": 0n,
      "yes": 0n,
    },
  },
  {
    "deposit": 100000000000000000000n,
    "expiryTimestamp": undefined,
    "id": 47,
    "isApproved": false,
    "networkWeight": 0n,
    "numTransactions": 33n,
    "proposer": "0xF3EB910DA09B8AF348E0E5B6636da442cFa79239",
    "stage": 5,
    "timestamp": 1638564010000,
    "upvotes": 0n,
    "url": "https://github.com/celo-org/governance/blob/main/CGPs/cgp-0046.md",
    "votes": {
      "abstain": 0n,
      "no": 0n,
      "yes": 0n,
    },
  },
  {
    "deposit": 100000000000000000000n,
    "expiryTimestamp": undefined,
    "id": 72,
    "isApproved": false,
    "networkWeight": 0n,
    "numTransactions": 2n,
    "proposer": "0xF9eC2167be047d65EA90f693E5FbD62A882CfD4e",
    "stage": 5,
    "timestamp": 1670083155000,
    "upvotes": 0n,
    "url": "https://github.com/celo-org/governance/blob/main/CGPs/cgp-0065.md",
    "votes": {
      "abstain": 0n,
      "no": 0n,
      "yes": 0n,
    },
  },
  {
    "deposit": 100000000000000000000n,
    "expiryTimestamp": undefined,
    "id": 32,
    "isApproved": false,
    "networkWeight": 0n,
    "numTransactions": 5n,
    "proposer": "0xF3EB910DA09B8AF348E0E5B6636da442cFa79239",
    "stage": 5,
    "timestamp": 1631222171000,
    "upvotes": 0n,
    "url": "https://github.com/celo-org/celo-monorepo/releases/tag/core-contracts.v5",
    "votes": {
      "abstain": 0n,
      "no": 0n,
      "yes": 0n,
    },
  },
  {
    "deposit": 100000000000000000000n,
    "expiryTimestamp": undefined,
    "id": 33,
    "isApproved": false,
    "networkWeight": 0n,
    "numTransactions": 7n,
    "proposer": "0xF3EB910DA09B8AF348E0E5B6636da442cFa79239",
    "stage": 5,
    "timestamp": 1631222171000,
    "upvotes": 0n,
    "url": "https://github.com/celo-org/governance/blob/main/CGPs/cgp-0031.md",
    "votes": {
      "abstain": 0n,
      "no": 0n,
      "yes": 0n,
    },
  },
  {
    "deposit": 100000000000000000000n,
    "expiryTimestamp": undefined,
    "id": 37,
    "isApproved": false,
    "networkWeight": 0n,
    "numTransactions": 7n,
    "proposer": "0xF3EB910DA09B8AF348E0E5B6636da442cFa79239",
    "stage": 5,
    "timestamp": 1631789587000,
    "upvotes": 0n,
    "url": "https://github.com/celo-org/governance/blob/main/CGPs/cgp-0031.md",
    "votes": {
      "abstain": 0n,
      "no": 0n,
      "yes": 0n,
    },
  },
  {
    "deposit": 100000000000000000000n,
    "expiryTimestamp": undefined,
    "id": 38,
    "isApproved": false,
    "networkWeight": 0n,
    "numTransactions": 1n,
    "proposer": "0xF3EB910DA09B8AF348E0E5B6636da442cFa79239",
    "stage": 5,
    "timestamp": 1631789587000,
    "upvotes": 0n,
    "url": "https://github.com/celo-org/governance/blob/main/CGPs/cgp-0039.md",
    "votes": {
      "abstain": 0n,
      "no": 0n,
      "yes": 0n,
    },
  },
  {
    "deposit": 100000000000000000000n,
    "expiryTimestamp": undefined,
    "id": 44,
    "isApproved": false,
    "networkWeight": 0n,
    "numTransactions": 2n,
    "proposer": "0xF9eC2167be047d65EA90f693E5FbD62A882CfD4e",
    "stage": 5,
    "timestamp": 1637224296000,
    "upvotes": 0n,
    "url": "https://github.com/celo-org/governance/blob/main/CGPs/cgp-0044.md",
    "votes": {
      "abstain": 0n,
      "no": 0n,
      "yes": 0n,
    },
  },
  {
    "deposit": 100000000000000000000n,
    "expiryTimestamp": undefined,
    "id": 46,
    "isApproved": false,
    "networkWeight": 0n,
    "numTransactions": 4n,
    "proposer": "0xF3EB910DA09B8AF348E0E5B6636da442cFa79239",
    "stage": 5,
    "timestamp": 1638564010000,
    "upvotes": 0n,
    "url": "https://github.com/celo-org/governance/blob/main/CGPs/cgp-0042.md",
    "votes": {
      "abstain": 0n,
      "no": 0n,
      "yes": 0n,
    },
  },
  {
    "deposit": 100000000000000000000n,
    "expiryTimestamp": undefined,
    "id": 45,
    "isApproved": false,
    "networkWeight": 0n,
    "numTransactions": 2n,
    "proposer": "0xF9eC2167be047d65EA90f693E5FbD62A882CfD4e",
    "stage": 5,
    "timestamp": 1638564010000,
    "upvotes": 0n,
    "url": "https://github.com/celo-org/governance/blob/main/CGPs/cgp-0044.md",
    "votes": {
      "abstain": 0n,
      "no": 0n,
      "yes": 0n,
    },
  },
  {
    "deposit": 100000000000000000000n,
    "expiryTimestamp": undefined,
    "id": 52,
    "isApproved": false,
    "networkWeight": 0n,
    "numTransactions": 0n,
    "proposer": "0xE1207B3e21B6f02331cB71a62167bc27Ea0408Ee",
    "stage": 5,
    "timestamp": 1646224026000,
    "upvotes": 0n,
    "url": "https://github.com/celo-org/governance/blob/main/CGPs/cgp-0048.md",
    "votes": {
      "abstain": 0n,
      "no": 0n,
      "yes": 0n,
    },
  },
  {
    "deposit": 100000000000000000000n,
    "expiryTimestamp": undefined,
    "id": 51,
    "isApproved": false,
    "networkWeight": 0n,
    "numTransactions": 8n,
    "proposer": "0xE1207B3e21B6f02331cB71a62167bc27Ea0408Ee",
    "stage": 5,
    "timestamp": 1646224026000,
    "upvotes": 0n,
    "url": "https://github.com/celo-org/governance/blob/main/CGPs/cgp-0050.md",
    "votes": {
      "abstain": 0n,
      "no": 0n,
      "yes": 0n,
    },
  },
  {
    "deposit": 100000000000000000000n,
    "expiryTimestamp": undefined,
    "id": 58,
    "isApproved": false,
    "networkWeight": 0n,
    "numTransactions": 1n,
    "proposer": "0x685305FF7116BB13cdD140b371ddDfE3F786a129",
    "stage": 5,
    "timestamp": 1654785477000,
    "upvotes": 0n,
    "url": "https://github.com/celo-org/governance/blob/main/CGPs/cgp-0054.md",
    "votes": {
      "abstain": 0n,
      "no": 0n,
      "yes": 0n,
    },
  },
  {
    "deposit": 100000000000000000000n,
    "expiryTimestamp": undefined,
    "id": 59,
    "isApproved": false,
    "networkWeight": 0n,
    "numTransactions": 1n,
    "proposer": "0x42B4a02f79438D558AB33E326638ed752b94D187",
    "stage": 5,
    "timestamp": 1654785477000,
    "upvotes": 0n,
    "url": "https://github.com/celo-org/governance/blob/main/CGPs/cgp-0052.md",
    "votes": {
      "abstain": 0n,
      "no": 0n,
      "yes": 0n,
    },
  },
  {
    "deposit": 100000000000000000000n,
    "expiryTimestamp": undefined,
    "id": 65,
    "isApproved": false,
    "networkWeight": 0n,
    "numTransactions": 1n,
    "proposer": "0xbf841A8229F4995c080703098fB73455C4E7215B",
    "stage": 5,
    "timestamp": 1659017518000,
    "upvotes": 0n,
    "url": "https://github.com/celo-org/governance/blob/main/CGPs/cgp-0059.md",
    "votes": {
      "abstain": 0n,
      "no": 0n,
      "yes": 0n,
    },
  },
  {
    "deposit": 100000000000000000000n,
    "expiryTimestamp": undefined,
    "id": 64,
    "isApproved": false,
    "networkWeight": 0n,
    "numTransactions": 1n,
    "proposer": "0xbf841A8229F4995c080703098fB73455C4E7215B",
    "stage": 5,
    "timestamp": 1659017518000,
    "upvotes": 0n,
    "url": "https://github.com/celo-org/governance/blob/main/CGPs/cgp-0058.md",
    "votes": {
      "abstain": 0n,
      "no": 0n,
      "yes": 0n,
    },
  },
  {
    "deposit": 100000000000000000000n,
    "expiryTimestamp": undefined,
    "id": 112,
    "isApproved": true,
    "networkWeight": 307380260464923906292804869n,
    "numTransactions": 1n,
    "proposer": "0x8f51DC0791CdDDDCE08052FfF939eb7cf0c17856",
    "stage": 5,
    "timestamp": 1686850366000,
    "upvotes": 0n,
    "url": "https://github.com/celo-org/governance/blob/main/CGPs/cgp-0082.md",
    "votes": {
      "abstain": 23345580096712412789399n,
      "no": 528883124362489231937n,
      "yes": 25825367767730984107843065n,
    },
  },
  {
    "deposit": 100000000000000000000n,
    "expiryTimestamp": undefined,
    "id": 70,
    "isApproved": false,
    "networkWeight": 0n,
    "numTransactions": 5n,
    "proposer": "0xF3EB910DA09B8AF348E0E5B6636da442cFa79239",
    "stage": 5,
    "timestamp": 1664632325000,
    "upvotes": 0n,
    "url": "https://github.com/celo-org/governance/blob/main/CGPs/cgp-0062.md",
    "votes": {
      "abstain": 0n,
      "no": 0n,
      "yes": 0n,
    },
  },
  {
    "deposit": 100000000000000000000n,
    "expiryTimestamp": undefined,
    "id": 73,
    "isApproved": false,
    "networkWeight": 0n,
    "numTransactions": 2n,
    "proposer": "0x4a4C47af3Ce486e3D7718E1B9601b5f8b3A2205f",
    "stage": 5,
    "timestamp": 1670083155000,
    "upvotes": 0n,
    "url": "https://github.com/celo-org/governance/tree/main/CGPs/cgp-0063P.md",
    "votes": {
      "abstain": 0n,
      "no": 0n,
      "yes": 0n,
    },
  },
  {
    "deposit": 100000000000000000000n,
    "expiryTimestamp": undefined,
    "id": 78,
    "isApproved": true,
    "networkWeight": 305304237483131738518617022n,
    "numTransactions": 2n,
    "proposer": "0x4a4C47af3Ce486e3D7718E1B9601b5f8b3A2205f",
    "stage": 5,
    "timestamp": 1671085139000,
    "upvotes": 0n,
    "url": "https://github.com/celo-org/governance/tree/main/CGPs/cgp-0063P.md",
    "votes": {
      "abstain": 188681220172087375690587n,
      "no": 2029842570381834844622n,
      "yes": 307153830223608061042992n,
    },
  },
  {
    "deposit": 100000000000000000000n,
    "expiryTimestamp": undefined,
    "id": 75,
    "isApproved": false,
    "networkWeight": 0n,
    "numTransactions": 2n,
    "proposer": "0x4a4C47af3Ce486e3D7718E1B9601b5f8b3A2205f",
    "stage": 5,
    "timestamp": 1670522862000,
    "upvotes": 0n,
    "url": "https://github.com/celo-org/governance/tree/main/CGPs/cgp-0063P.md",
    "votes": {
      "abstain": 0n,
      "no": 0n,
      "yes": 0n,
    },
  },
  {
    "deposit": 100000000000000000000n,
    "expiryTimestamp": undefined,
    "id": 74,
    "isApproved": false,
    "networkWeight": 0n,
    "numTransactions": 10n,
    "proposer": "0xF3EB910DA09B8AF348E0E5B6636da442cFa79239",
    "stage": 5,
    "timestamp": 1670522862000,
    "upvotes": 0n,
    "url": "https://github.com/celo-org/governance/blob/martinvol/addTSystemOracleAndPayment/CGPs/cgp-0057.md",
    "votes": {
      "abstain": 0n,
      "no": 0n,
      "yes": 0n,
    },
  },
  {
    "deposit": 100000000000000000000n,
    "expiryTimestamp": undefined,
    "id": 84,
    "isApproved": false,
    "networkWeight": 0n,
    "numTransactions": 1n,
    "proposer": "0x48853EB3D2d69232BF28Ab3cFE535d0351ed62c6",
    "stage": 5,
    "timestamp": 1677018107000,
    "upvotes": 0n,
    "url": "https://github.com/celo-org/governance/blob/main/CGPs/cgp-0068P.md",
    "votes": {
      "abstain": 0n,
      "no": 0n,
      "yes": 0n,
    },
  },
  {
    "deposit": 100000000000000000000n,
    "expiryTimestamp": undefined,
    "id": 79,
    "isApproved": true,
    "networkWeight": 304549081821142207770560198n,
    "numTransactions": 2n,
    "proposer": "0xF9eC2167be047d65EA90f693E5FbD62A882CfD4e",
    "stage": 5,
    "timestamp": 1671085139000,
    "upvotes": 0n,
    "url": "https://github.com/celo-org/governance/blob/main/CGPs/cgp-0065.md",
    "votes": {
      "abstain": 0n,
      "no": 6249479338999907781857n,
      "yes": 1343856663748733480738249n,
    },
  },
  {
    "deposit": 101000000000000000000n,
    "expiryTimestamp": undefined,
    "id": 81,
    "isApproved": false,
    "networkWeight": 0n,
    "numTransactions": 1n,
    "proposer": "0xF3EB910DA09B8AF348E0E5B6636da442cFa79239",
    "stage": 5,
    "timestamp": 1672917926000,
    "upvotes": 0n,
    "url": "https://github.com/celo-org/governance/blob/main/CGPs/cgp-0066.md",
    "votes": {
      "abstain": 0n,
      "no": 0n,
      "yes": 0n,
    },
  },
  {
    "deposit": 100000000000000000000n,
    "expiryTimestamp": undefined,
    "id": 82,
    "isApproved": false,
    "networkWeight": 0n,
    "numTransactions": 1n,
    "proposer": "0xF3EB910DA09B8AF348E0E5B6636da442cFa79239",
    "stage": 5,
    "timestamp": 1673387028000,
    "upvotes": 0n,
    "url": "https://github.com/celo-org/governance/blob/main/CGPs/cgp-0066.md",
    "votes": {
      "abstain": 0n,
      "no": 0n,
      "yes": 0n,
    },
  },
  {
    "deposit": 100000000000000000000n,
    "expiryTimestamp": undefined,
    "id": 95,
    "isApproved": false,
    "networkWeight": 0n,
    "numTransactions": 1n,
    "proposer": "0x8f51DC0791CdDDDCE08052FfF939eb7cf0c17856",
    "stage": 5,
    "timestamp": 1681101368000,
    "upvotes": 0n,
    "url": "https://github.com/celo-org/governance/blob/main/CGPs/cgp-0076.md",
    "votes": {
      "abstain": 0n,
      "no": 0n,
      "yes": 0n,
    },
  },
  {
    "deposit": 100000000000000000000n,
    "expiryTimestamp": undefined,
    "id": 87,
    "isApproved": false,
    "networkWeight": 0n,
    "numTransactions": 1n,
    "proposer": "0x685305FF7116BB13cdD140b371ddDfE3F786a129",
    "stage": 5,
    "timestamp": 1679418095000,
    "upvotes": 0n,
    "url": "https://github.com/celo-org/governance/blob/main/CGPs/cgp-0072.md",
    "votes": {
      "abstain": 0n,
      "no": 0n,
      "yes": 0n,
    },
  },
  {
    "deposit": 100000000000000000000n,
    "expiryTimestamp": undefined,
    "id": 94,
    "isApproved": false,
    "networkWeight": 0n,
    "numTransactions": 1n,
    "proposer": "0x8f51DC0791CdDDDCE08052FfF939eb7cf0c17856",
    "stage": 5,
    "timestamp": 1680910753000,
    "upvotes": 0n,
    "url": "https://github.com/celo-org/governance/blob/main/CGPs/cgp-0076.md",
    "votes": {
      "abstain": 0n,
      "no": 0n,
      "yes": 0n,
    },
  },
  {
    "deposit": 100000000000000000000n,
    "expiryTimestamp": undefined,
    "id": 110,
    "isApproved": true,
    "networkWeight": 303308442315107287538620842n,
    "numTransactions": 2n,
    "proposer": "0x56fD3F2bEE130e9867942D0F463a16fBE49B8d81",
    "stage": 5,
    "timestamp": 1684235919000,
    "upvotes": 0n,
    "url": "https://github.com/celo-org/governance/blob/main/CGPs/cgp-0081.md",
    "votes": {
      "abstain": 0n,
      "no": 0n,
      "yes": 4015049207782014086663100n,
    },
  },
  {
    "deposit": 100000000000000000000n,
    "expiryTimestamp": undefined,
    "id": 90,
    "isApproved": false,
    "networkWeight": 0n,
    "numTransactions": 35n,
    "proposer": "0x56fD3F2bEE130e9867942D0F463a16fBE49B8d81",
    "stage": 5,
    "timestamp": 1680209294000,
    "upvotes": 0n,
    "url": "MU01",
    "votes": {
      "abstain": 0n,
      "no": 0n,
      "yes": 0n,
    },
  },
  {
    "deposit": 100000000000000000000n,
    "expiryTimestamp": undefined,
    "id": 92,
    "isApproved": false,
    "networkWeight": 0n,
    "numTransactions": 1n,
    "proposer": "0x8f51DC0791CdDDDCE08052FfF939eb7cf0c17856",
    "stage": 5,
    "timestamp": 1680296159000,
    "upvotes": 0n,
    "url": "https://github.com/celo-org/governance/blob/main/CGPs/cgp-0076.md",
    "votes": {
      "abstain": 0n,
      "no": 0n,
      "yes": 0n,
    },
  },
  {
    "deposit": 100000000000000000000n,
    "expiryTimestamp": undefined,
    "id": 93,
    "isApproved": false,
    "networkWeight": 0n,
    "numTransactions": 1n,
    "proposer": "0x8f51DC0791CdDDDCE08052FfF939eb7cf0c17856",
    "stage": 5,
    "timestamp": 1680594171000,
    "upvotes": 0n,
    "url": "https://github.com/celo-org/governance/blob/main/CGPs/cgp-0076.md",
    "votes": {
      "abstain": 0n,
      "no": 0n,
      "yes": 0n,
    },
  },
  {
    "deposit": 100000000000000000000n,
    "expiryTimestamp": undefined,
    "id": 97,
    "isApproved": false,
    "networkWeight": 0n,
    "numTransactions": 1n,
    "proposer": "0x42B4a02f79438D558AB33E326638ed752b94D187",
    "stage": 5,
    "timestamp": 1681599505000,
    "upvotes": 0n,
    "url": "https://github.com/celo-org/governance/blob/main/CGPs/cgp-0077.md",
    "votes": {
      "abstain": 0n,
      "no": 0n,
      "yes": 0n,
    },
  },
  {
    "deposit": 100000000000000000000n,
    "expiryTimestamp": undefined,
    "id": 98,
    "isApproved": false,
    "networkWeight": 0n,
    "numTransactions": 1n,
    "proposer": "0x4Bc6F468Ea1812f0c35822f298B6fC47b9c69043",
    "stage": 5,
    "timestamp": 1681599505000,
    "upvotes": 0n,
    "url": "https://github.com/celo-org/governance/blob/main/CGPs/CGP-0070.md",
    "votes": {
      "abstain": 0n,
      "no": 0n,
      "yes": 0n,
    },
  },
  {
    "deposit": 100000000000000000000n,
    "expiryTimestamp": undefined,
    "id": 104,
    "isApproved": false,
    "networkWeight": 0n,
    "numTransactions": 1n,
    "proposer": "0x42B4a02f79438D558AB33E326638ed752b94D187",
    "stage": 5,
    "timestamp": 1683038156000,
    "upvotes": 0n,
    "url": "https://github.com/celo-org/governance/blob/main/CGPs/cgp-0080.md",
    "votes": {
      "abstain": 0n,
      "no": 0n,
      "yes": 0n,
    },
  },
  {
    "deposit": 100000000000000000000n,
    "expiryTimestamp": undefined,
    "id": 100,
    "isApproved": false,
    "networkWeight": 0n,
    "numTransactions": 1n,
    "proposer": "0x42B4a02f79438D558AB33E326638ed752b94D187",
    "stage": 5,
    "timestamp": 1681907007000,
    "upvotes": 0n,
    "url": "https://github.com/celo-org/governance/blob/main/CGPs/cgp-0077.md",
    "votes": {
      "abstain": 0n,
      "no": 0n,
      "yes": 0n,
    },
  },
  {
    "deposit": 100000000000000000000n,
    "expiryTimestamp": undefined,
    "id": 106,
    "isApproved": false,
    "networkWeight": 0n,
    "numTransactions": 6n,
    "proposer": "0xF3EB910DA09B8AF348E0E5B6636da442cFa79239",
    "stage": 5,
    "timestamp": 1683158136000,
    "upvotes": 0n,
    "url": "https://github.com/celo-org/governance/blob/main/CGPs/cgp-0078.md",
    "votes": {
      "abstain": 0n,
      "no": 0n,
      "yes": 0n,
    },
  },
  {
    "deposit": 100000000000000000000n,
    "expiryTimestamp": undefined,
    "id": 113,
    "isApproved": false,
    "networkWeight": 309334113423196542447208885n,
    "numTransactions": 1n,
    "proposer": "0x56fD3F2bEE130e9867942D0F463a16fBE49B8d81",
    "stage": 5,
    "timestamp": 1687949259000,
    "upvotes": 0n,
    "url": "AddOtherReserveAddress",
    "votes": {
      "abstain": 59978544093482840974492n,
      "no": 35794885951286072362641n,
      "yes": 6365891290659820835010n,
    },
  },
  {
    "deposit": 100000000000000000000n,
    "expiryTimestamp": undefined,
    "id": 108,
    "isApproved": false,
    "networkWeight": 302011085576983697746436133n,
    "numTransactions": 2n,
    "proposer": "0x56fD3F2bEE130e9867942D0F463a16fBE49B8d81",
    "stage": 5,
    "timestamp": 1683650567000,
    "upvotes": 0n,
    "url": "MU01",
    "votes": {
      "abstain": 0n,
      "no": 0n,
      "yes": 80000000000000000000n,
    },
  },
  {
    "deposit": 100000000000000000000n,
    "expiryTimestamp": undefined,
    "id": 109,
    "isApproved": false,
    "networkWeight": 0n,
    "numTransactions": 2n,
    "proposer": "0x56fD3F2bEE130e9867942D0F463a16fBE49B8d81",
    "stage": 5,
    "timestamp": 1683650567000,
    "upvotes": 0n,
    "url": "https://github.com/celo-org/governance/blob/main/CGPs/cgp-0081.md",
    "votes": {
      "abstain": 0n,
      "no": 0n,
      "yes": 0n,
    },
  },
  {
    "deposit": 100000000000000000000n,
    "expiryTimestamp": undefined,
    "id": 114,
    "isApproved": false,
    "networkWeight": 309372549649577285039076556n,
    "numTransactions": 1n,
    "proposer": "0x56fD3F2bEE130e9867942D0F463a16fBE49B8d81",
    "stage": 5,
    "timestamp": 1688103594000,
    "upvotes": 0n,
    "url": "AddOtherReserveAddress",
    "votes": {
      "abstain": 58917906068933628274328n,
      "no": 58144516554363296657995n,
      "yes": 6560904746863965481025n,
    },
  },
  {
    "deposit": 100000000000000000000n,
    "expiryTimestamp": undefined,
    "id": 126,
    "isApproved": false,
    "networkWeight": 277608272593451837847560121n,
    "numTransactions": 1n,
    "proposer": "0x8f51DC0791CdDDDCE08052FfF939eb7cf0c17856",
    "stage": 5,
    "timestamp": 1692081176000,
    "upvotes": 0n,
    "url": "https://github.com/celo-org/governance/blob/main/CGPs/cgp-0093.md",
    "votes": {
      "abstain": 12463697478783489922553943n,
      "no": 1485672260370039822075610n,
      "yes": 1129253686971309588892973n,
    },
  },
  {
    "deposit": 100000000000000000000n,
    "expiryTimestamp": undefined,
    "id": 125,
    "isApproved": false,
    "networkWeight": 277691844885914037145631187n,
    "numTransactions": 1n,
    "proposer": "0x8f51DC0791CdDDDCE08052FfF939eb7cf0c17856",
    "stage": 5,
    "timestamp": 1691993429000,
    "upvotes": 0n,
    "url": "https://github.com/celo-org/governance/blob/main/CGPs/cgp-0092.md",
    "votes": {
      "abstain": 102361880625233047320411n,
      "no": 611394783771533751009268n,
      "yes": 29406525228625248077047n,
    },
  },
  {
    "deposit": 100000000000000000000n,
    "expiryTimestamp": undefined,
    "id": 122,
    "isApproved": true,
    "networkWeight": 277565555487743672934886589n,
    "numTransactions": 1n,
    "proposer": "0x826C7A38F9E6F9c6C4BDcea33e0cf1EE265AB9c2",
    "stage": 5,
    "timestamp": 1691714930000,
    "upvotes": 0n,
    "url": "https://github.com/celo-org/governance/blob/main/CGPs/cgp-0091.md",
    "votes": {
      "abstain": 134387957909363623351843n,
      "no": 155172442483670141095891n,
      "yes": 2642267860628488399866200n,
    },
  },
  {
    "deposit": 100000000000000000000n,
    "expiryTimestamp": undefined,
    "id": 124,
    "isApproved": true,
    "networkWeight": 277691589885914037145631187n,
    "numTransactions": 1n,
    "proposer": "0x4Bc6F468Ea1812f0c35822f298B6fC47b9c69043",
    "stage": 5,
    "timestamp": 1691886334000,
    "upvotes": 0n,
    "url": "https://github.com/celo-org/governance/blob/main/CGPs/cgp-0083.md",
    "votes": {
      "abstain": 719844887721926899221430n,
      "no": 1712063015506819628267621n,
      "yes": 835944833794733378864934n,
    },
  },
  {
    "deposit": 100000000000000000000n,
    "expiryTimestamp": undefined,
    "id": 129,
    "isApproved": false,
    "networkWeight": 277909599312852475286438279n,
    "numTransactions": 1n,
    "proposer": "0xF3EB910DA09B8AF348E0E5B6636da442cFa79239",
    "stage": 5,
    "timestamp": 1692975145000,
    "upvotes": 0n,
    "url": "https://github.com/celo-org/governance/blob/main/CGPs/cgp-0096.md",
    "votes": {
      "abstain": 0n,
      "no": 733110911794983259357n,
      "yes": 201035015735647837409055n,
    },
  },
  {
    "deposit": 100000000000000000000n,
    "expiryTimestamp": undefined,
    "id": 153,
    "isApproved": false,
    "networkWeight": 267317455474432617285082100n,
    "numTransactions": 14n,
    "proposer": "0x56fD3F2bEE130e9867942D0F463a16fBE49B8d81",
    "stage": 5,
    "timestamp": 1706391308000,
    "upvotes": 0n,
    "url": "https://github.com/celo-org/governance/blob/main/CGPs/cgp-0115.md",
    "votes": {
      "abstain": 14429615842405404832839n,
      "no": 87124626005412864773005n,
      "yes": 7932059076630369068844279n,
    },
  },
  {
    "deposit": 100000000000000000000n,
    "expiryTimestamp": undefined,
    "id": 146,
    "isApproved": false,
    "networkWeight": 269251397652589598008481776n,
    "numTransactions": 1n,
    "proposer": "0x8f51DC0791CdDDDCE08052FfF939eb7cf0c17856",
    "stage": 5,
    "timestamp": 1702497586000,
    "upvotes": 0n,
    "url": "https://github.com/celo-org/governance/blob/main/CGPs/cgp-0110.md",
    "votes": {
      "abstain": 645441880415723474772262n,
      "no": 637823624016922163423449n,
      "yes": 627563961200135020572469n,
    },
  },
  {
    "deposit": 100000000000000000000n,
    "expiryTimestamp": undefined,
    "id": 154,
    "isApproved": false,
    "networkWeight": 267317664963756927705209932n,
    "numTransactions": 1n,
    "proposer": "0x4Bc6F468Ea1812f0c35822f298B6fC47b9c69043",
    "stage": 5,
    "timestamp": 1706482964000,
    "upvotes": 0n,
    "url": "https://github.com/celo-org/governance/blob/main/CGPs/cgp-0112.md",
    "votes": {
      "abstain": 875225779557946647292496n,
      "no": 430363464904156278039470n,
      "yes": 96918904767969169192569n,
    },
  },
  {
    "deposit": 100000000000000000000n,
    "expiryTimestamp": undefined,
    "id": 141,
    "isApproved": false,
    "networkWeight": 283752215133459466229099625n,
    "numTransactions": 1n,
    "proposer": "0x9EcA4E7B05AEd20e6d49F7d3CB0ae1e61E4916BC",
    "stage": 5,
    "timestamp": 1698188247000,
    "upvotes": 0n,
    "url": "https://github.com/celo-org/governance/blob/main/CGPs/cgp-0105.md",
    "votes": {
      "abstain": 14813906063415175811408n,
      "no": 0n,
      "yes": 3064828185443169755437748n,
    },
  },
  {
    "deposit": 100000000000000000000n,
    "expiryTimestamp": undefined,
    "id": 152,
    "isApproved": false,
    "networkWeight": 267298560016050291543991974n,
    "numTransactions": 1n,
    "proposer": "0x4Bc6F468Ea1812f0c35822f298B6fC47b9c69043",
    "stage": 5,
    "timestamp": 1705796563000,
    "upvotes": 0n,
    "url": "https://github.com/celo-org/governance/blob/main/CGPs/cgp-0112.md",
    "votes": {
      "abstain": 409271245802637107139707n,
      "no": 5180253654799744319582n,
      "yes": 855203637845023498671997n,
    },
  },
  {
    "deposit": 100000000000000000000n,
    "expiryTimestamp": undefined,
    "id": 149,
    "isApproved": false,
    "networkWeight": 276654631670905042153581808n,
    "numTransactions": 1n,
    "proposer": "0x79d4881D34B6159aBcAb35Ad5029a4DE66c28626",
    "stage": 5,
    "timestamp": 1704817907000,
    "upvotes": 0n,
    "url": "https://github.com/celo-org/governance/blob/main/CGPs/cgp-0107.md",
    "votes": {
      "abstain": 279640804049082503140815n,
      "no": 240037925709494430039069n,
      "yes": 210381348024673386904037n,
    },
  },
  {
    "deposit": 100000000000000000000n,
    "expiryTimestamp": undefined,
    "id": 148,
    "isApproved": false,
    "networkWeight": 269240311059113700442480755n,
    "numTransactions": 1n,
    "proposer": "0x79d4881D34B6159aBcAb35Ad5029a4DE66c28626",
    "stage": 5,
    "timestamp": 1702914759000,
    "upvotes": 0n,
    "url": "https://github.com/celo-org/governance/blob/main/CGPs/cgp-0107.md",
    "votes": {
      "abstain": 46904586350706682769410n,
      "no": 210229673871609134426342n,
      "yes": 75985168217314389929006n,
    },
  },
  {
    "deposit": 100000000000000000000n,
    "expiryTimestamp": undefined,
    "id": 155,
    "isApproved": false,
    "networkWeight": 275034994146866940340049711n,
    "numTransactions": 2n,
    "proposer": "0x6A1067EebC1c2f0AaEa7FaA1d1BF1626BccC5119",
    "stage": 5,
    "timestamp": 1706916371000,
    "upvotes": 0n,
    "url": "https://github.com/celo-org/governance/blob/main/CGPs/cgp-0116.md",
    "votes": {
      "abstain": 188575726339874855387444n,
      "no": 1591915530485972681158979n,
      "yes": 1465259593739980890539168n,
    },
  },
  {
    "deposit": 100000000000000000000n,
    "expiryTimestamp": undefined,
    "id": 156,
    "isApproved": false,
    "networkWeight": 270434521180000379157274699n,
    "numTransactions": 1n,
    "proposer": "0x4Bc6F468Ea1812f0c35822f298B6fC47b9c69043",
    "stage": 5,
    "timestamp": 1707190208000,
    "upvotes": 0n,
    "url": "https://github.com/celo-org/governance/blob/main/CGPs/cgp-0112.md",
    "votes": {
      "abstain": 157528488416454814133171n,
      "no": 742969449415937668588727n,
      "yes": 1142032530296003958299n,
    },
  },
  {
    "deposit": 10000000000000000000000n,
    "expiryTimestamp": undefined,
    "id": 192,
    "isApproved": false,
    "networkWeight": 187790300696253275638372415n,
    "numTransactions": 1n,
    "proposer": "0xFEF5A1A2b3754A2F53161EaaAcb3EB889F004d4a",
    "stage": 5,
    "timestamp": 1730504106000,
    "upvotes": 0n,
    "url": "https://github.com/celo-org/governance/blob/main/CGPs/cgp-0152.md",
    "votes": {
      "abstain": 43041286352109457463822n,
      "no": 0n,
      "yes": 8365782781504710166694659n,
    },
  },
  {
    "deposit": 10000000000000000000000n,
    "expiryTimestamp": undefined,
    "id": 184,
    "isApproved": false,
    "networkWeight": 196256282822150323824648867n,
    "numTransactions": 1n,
    "proposer": "0xFEF5A1A2b3754A2F53161EaaAcb3EB889F004d4a",
    "stage": 5,
    "timestamp": 1723564826000,
    "upvotes": 0n,
    "url": "https://github.com/celo-org/governance/blob/main/CGPs/cgp-0144.md",
    "votes": {
      "abstain": 473729958780760268232905n,
      "no": 984603262175208534886123n,
      "yes": 423305894499211746439297n,
    },
  },
  {
    "deposit": 10000000000000000000000n,
    "expiryTimestamp": undefined,
    "id": 166,
    "isApproved": true,
    "networkWeight": 221290288656312363682146785n,
    "numTransactions": 0n,
    "proposer": "0xFEF5A1A2b3754A2F53161EaaAcb3EB889F004d4a",
    "stage": 5,
    "timestamp": 1709938283000,
    "upvotes": 0n,
    "url": "https://github.com/celo-org/governance/blob/main/CGPs/cgp-0125.md",
    "votes": {
      "abstain": 226392076721316438081032n,
      "no": 64249674078632646829511n,
      "yes": 921231764617807186842207n,
    },
  },
  {
    "deposit": 10000000000000000000000n,
    "expiryTimestamp": undefined,
    "id": 173,
    "isApproved": false,
    "networkWeight": 202071201332249772343255927n,
    "numTransactions": 1n,
    "proposer": "0xFEF5A1A2b3754A2F53161EaaAcb3EB889F004d4a",
    "stage": 5,
    "timestamp": 1714171465000,
    "upvotes": 0n,
    "url": "https://github.com/celo-org/governance/blob/main/CGPs/cgp-0132.md",
    "votes": {
      "abstain": 119152064836338536867928n,
      "no": 199993080818103341960279n,
      "yes": 13352572718004564022826739n,
    },
  },
  {
    "deposit": 10000000000000000000000n,
    "expiryTimestamp": undefined,
    "id": 186,
    "isApproved": true,
    "networkWeight": 197285043305235371523751889n,
    "numTransactions": 1n,
    "proposer": "0xce10F52C4321a82A9dB829af980EC831D4D6D5Db",
    "stage": 5,
    "timestamp": 1724542621000,
    "upvotes": 0n,
    "url": "https://github.com/celo-org/governance/blob/main/CGPs/cgp-0143.md",
    "votes": {
      "abstain": 275503297679584786792311n,
      "no": 1052875318387568208771036n,
      "yes": 7311270592366178906424809n,
    },
  },
  {
    "deposit": 10000000000000000000000n,
    "expiryTimestamp": undefined,
    "id": 185,
    "isApproved": false,
    "networkWeight": 197244747981417795648286907n,
    "numTransactions": 1n,
    "proposer": "0xFEF5A1A2b3754A2F53161EaaAcb3EB889F004d4a",
    "stage": 5,
    "timestamp": 1724434595000,
    "upvotes": 0n,
    "url": "https://github.com/celo-org/governance/blob/main/CGPs/cgp-0144.md",
    "votes": {
      "abstain": 122469602786006745809510n,
      "no": 255418940305482631667649n,
      "yes": 42874161544577813750473n,
    },
  },
  {
    "deposit": 10000000000000000000000n,
    "expiryTimestamp": 1732868594000,
    "id": 195,
    "isApproved": false,
    "networkWeight": 183993850386455015790016869n,
    "numTransactions": 1n,
    "proposer": "0xFEF5A1A2b3754A2F53161EaaAcb3EB889F004d4a",
    "stage": 3,
    "timestamp": 1732263794000,
    "upvotes": 0n,
    "url": "https://github.com/celo-org/governance/blob/main/CGPs/cgp-0152.md",
    "votes": {
      "abstain": 2707517057343921659432n,
      "no": 0n,
      "yes": 759703339123197979998453n,
    },
  },
]
`;
